NAME                            DESIRED   CURRENT   READY   AGE
argocd-repo-server-7d748b44fb   1         1         1       54m
