{
    "apiVersion": "apps/v1",
    "kind": "ReplicaSet",
    "metadata": {
        "annotations": {
            "deployment.kubernetes.io/desired-replicas": "1",
            "deployment.kubernetes.io/max-replicas": "2",
            "deployment.kubernetes.io/revision": "1"
        },
        "creationTimestamp": "2023-03-06T20:03:17Z",
        "generation": 2,
        "labels": {
            "app.kubernetes.io/name": "argocd-dex-server",
            "pod-template-hash": "56457f6bf7"
        },
        "name": "argocd-dex-server-56457f6bf7",
        "namespace": "regina",
        "ownerReferences": [
            {
                "apiVersion": "apps/v1",
                "blockOwnerDeletion": true,
                "controller": true,
                "kind": "Deployment",
                "name": "argocd-dex-server",
                "uid": "14a2c4d4-6f4f-46c1-a81b-62e40e593eeb"
            }
        ],
        "resourceVersion": "684059",
        "uid": "93f91375-ee74-4dc6-b8b9-ffc67c591c3a"
    },
    "spec": {
        "replicas": 0,
        "selector": {
            "matchLabels": {
                "app.kubernetes.io/name": "argocd-dex-server",
                "pod-template-hash": "56457f6bf7"
            }
        },
        "template": {
            "metadata": {
                "creationTimestamp": null,
                "labels": {
                    "app.kubernetes.io/name": "argocd-dex-server",
                    "pod-template-hash": "56457f6bf7"
                }
            },
            "spec": {
                "containers": [
                    {
                        "command": [
                            "/shared/argocd-dex",
                            "rundex"
                        ],
                        "image": "registry.redhat.io/openshift-gitops-1/dex-rhel8@sha256:185d4c4584e0a891f99f461ba4554e948e4ec2c1cabeffc99e0c9d84e4cdc374",
                        "imagePullPolicy": "IfNotPresent",
                        "livenessProbe": {
                            "failureThreshold": 3,
                            "httpGet": {
                                "path": "/healthz/live",
                                "port": 5558,
                                "scheme": "HTTP"
                            },
                            "initialDelaySeconds": 60,
                            "periodSeconds": 30,
                            "successThreshold": 1,
                            "timeoutSeconds": 1
                        },
                        "name": "dex",
                        "ports": [
                            {
                                "containerPort": 5556,
                                "name": "http",
                                "protocol": "TCP"
                            },
                            {
                                "containerPort": 5557,
                                "name": "grpc",
                                "protocol": "TCP"
                            },
                            {
                                "containerPort": 5558,
                                "name": "metrics",
                                "protocol": "TCP"
                            }
                        ],
                        "resources": {
                            "limits": {
                                "cpu": "500m",
                                "memory": "256Mi"
                            },
                            "requests": {
                                "cpu": "250m",
                                "memory": "128Mi"
                            }
                        },
                        "securityContext": {
                            "allowPrivilegeEscalation": false,
                            "capabilities": {
                                "drop": [
                                    "ALL"
                                ]
                            },
                            "runAsNonRoot": true
                        },
                        "terminationMessagePath": "/dev/termination-log",
                        "terminationMessagePolicy": "File",
                        "volumeMounts": [
                            {
                                "mountPath": "/shared",
                                "name": "static-files"
                            }
                        ]
                    }
                ],
                "dnsPolicy": "ClusterFirst",
                "initContainers": [
                    {
                        "command": [
                            "cp",
                            "-n",
                            "/usr/local/bin/argocd",
                            "/shared/argocd-dex"
                        ],
                        "image": "registry.redhat.io/openshift-gitops-1/argocd-rhel8@sha256:3a0f7d98d98ae8fb3ab53506577e9647130e55c900952ed751ce08ef727a682f",
                        "imagePullPolicy": "Always",
                        "name": "copyutil",
                        "resources": {
                            "limits": {
                                "cpu": "500m",
                                "memory": "256Mi"
                            },
                            "requests": {
                                "cpu": "250m",
                                "memory": "128Mi"
                            }
                        },
                        "securityContext": {
                            "allowPrivilegeEscalation": false,
                            "capabilities": {
                                "drop": [
                                    "ALL"
                                ]
                            },
                            "runAsNonRoot": true
                        },
                        "terminationMessagePath": "/dev/termination-log",
                        "terminationMessagePolicy": "File",
                        "volumeMounts": [
                            {
                                "mountPath": "/shared",
                                "name": "static-files"
                            }
                        ]
                    }
                ],
                "nodeSelector": {
                    "kubernetes.io/os": "linux"
                },
                "restartPolicy": "Always",
                "schedulerName": "default-scheduler",
                "securityContext": {
                    "seccompProfile": {
                        "type": "RuntimeDefault"
                    }
                },
                "serviceAccount": "argocd-argocd-dex-server",
                "serviceAccountName": "argocd-argocd-dex-server",
                "terminationGracePeriodSeconds": 30,
                "volumes": [
                    {
                        "emptyDir": {},
                        "name": "static-files"
                    }
                ]
            }
        }
    },
    "status": {
        "observedGeneration": 2,
        "replicas": 0
    }
}
