{
    "apiVersion": "apps/v1",
    "kind": "ReplicaSet",
    "metadata": {
        "annotations": {
            "deployment.kubernetes.io/desired-replicas": "1",
            "deployment.kubernetes.io/max-replicas": "2",
            "deployment.kubernetes.io/revision": "1"
        },
        "creationTimestamp": "2023-03-06T20:03:18Z",
        "generation": 1,
        "labels": {
            "app.kubernetes.io/name": "argocd-redis",
            "pod-template-hash": "765dcbf76c"
        },
        "name": "argocd-redis-765dcbf76c",
        "namespace": "regina",
        "ownerReferences": [
            {
                "apiVersion": "apps/v1",
                "blockOwnerDeletion": true,
                "controller": true,
                "kind": "Deployment",
                "name": "argocd-redis",
                "uid": "714f7c57-00cf-4caf-ab56-d50bd4b79cff"
            }
        ],
        "resourceVersion": "684252",
        "uid": "19e0d8cb-cf97-4495-b782-843d9a8e7d52"
    },
    "spec": {
        "replicas": 1,
        "selector": {
            "matchLabels": {
                "app.kubernetes.io/name": "argocd-redis",
                "pod-template-hash": "765dcbf76c"
            }
        },
        "template": {
            "metadata": {
                "creationTimestamp": null,
                "labels": {
                    "app.kubernetes.io/name": "argocd-redis",
                    "pod-template-hash": "765dcbf76c"
                }
            },
            "spec": {
                "containers": [
                    {
                        "args": [
                            "redis-server",
                            "--protected-mode",
                            "no",
                            "--save",
                            "",
                            "--appendonly",
                            "no"
                        ],
                        "image": "registry.redhat.io/rhel8/redis-6@sha256:53598a6effeb90e4f1b005b2521beffd2fa2b0c52d0e7f2347ee2abd2577cab3",
                        "imagePullPolicy": "Always",
                        "name": "redis",
                        "ports": [
                            {
                                "containerPort": 6379,
                                "protocol": "TCP"
                            }
                        ],
                        "resources": {
                            "limits": {
                                "cpu": "500m",
                                "memory": "256Mi"
                            },
                            "requests": {
                                "cpu": "250m",
                                "memory": "128Mi"
                            }
                        },
                        "securityContext": {
                            "allowPrivilegeEscalation": false,
                            "capabilities": {
                                "drop": [
                                    "ALL"
                                ]
                            },
                            "runAsNonRoot": true,
                            "runAsUser": 999
                        },
                        "terminationMessagePath": "/dev/termination-log",
                        "terminationMessagePolicy": "File",
                        "volumeMounts": [
                            {
                                "mountPath": "/app/config/redis/tls",
                                "name": "argocd-operator-redis-tls"
                            }
                        ]
                    }
                ],
                "dnsPolicy": "ClusterFirst",
                "nodeSelector": {
                    "kubernetes.io/os": "linux"
                },
                "restartPolicy": "Always",
                "schedulerName": "default-scheduler",
                "securityContext": {
                    "seccompProfile": {
                        "type": "RuntimeDefault"
                    }
                },
                "serviceAccount": "argocd-argocd-redis",
                "serviceAccountName": "argocd-argocd-redis",
                "terminationGracePeriodSeconds": 30,
                "volumes": [
                    {
                        "name": "argocd-operator-redis-tls",
                        "secret": {
                            "defaultMode": 420,
                            "optional": true,
                            "secretName": "argocd-operator-redis-tls"
                        }
                    }
                ]
            }
        }
    },
    "status": {
        "availableReplicas": 1,
        "fullyLabeledReplicas": 1,
        "observedGeneration": 1,
        "readyReplicas": 1,
        "replicas": 1
    }
}
