NAME                                                          READY   STATUS    RESTARTS   AGE
openshift-gitops-applicationset-controller-5cf7bb9dbc-tscqc   1/1     Running   0          55m
