{
    "apiVersion": "v1",
    "kind": "Pod",
    "metadata": {
        "annotations": {
            "k8s.v1.cni.cncf.io/network-status": "[{\n    \"name\": \"openshift-sdn\",\n    \"interface\": \"eth0\",\n    \"ips\": [\n        \"10.131.0.63\"\n    ],\n    \"default\": true,\n    \"dns\": {}\n}]",
            "k8s.v1.cni.cncf.io/networks-status": "[{\n    \"name\": \"openshift-sdn\",\n    \"interface\": \"eth0\",\n    \"ips\": [\n        \"10.131.0.63\"\n    ],\n    \"default\": true,\n    \"dns\": {}\n}]",
            "openshift.io/scc": "restricted-v2",
            "seccomp.security.alpha.kubernetes.io/pod": "runtime/default"
        },
        "creationTimestamp": "2023-03-06T20:00:52Z",
        "generateName": "openshift-gitops-application-controller-",
        "labels": {
            "app.kubernetes.io/name": "openshift-gitops-application-controller",
            "controller-revision-hash": "openshift-gitops-application-controller-7cf5d6584d",
            "statefulset.kubernetes.io/pod-name": "openshift-gitops-application-controller-0"
        },
        "name": "openshift-gitops-application-controller-0",
        "namespace": "openshift-gitops",
        "ownerReferences": [
            {
                "apiVersion": "apps/v1",
                "blockOwnerDeletion": true,
                "controller": true,
                "kind": "StatefulSet",
                "name": "openshift-gitops-application-controller",
                "uid": "dec8d225-8d12-45ae-9227-1c0dcc5ca912"
            }
        ],
        "resourceVersion": "682039",
        "uid": "5871ce16-43e3-4e37-9dcd-b1658e8e9993"
    },
    "spec": {
        "affinity": {
            "podAntiAffinity": {
                "preferredDuringSchedulingIgnoredDuringExecution": [
                    {
                        "podAffinityTerm": {
                            "labelSelector": {
                                "matchLabels": {
                                    "app.kubernetes.io/name": "openshift-gitops-argocd-application-controller"
                                }
                            },
                            "topologyKey": "kubernetes.io/hostname"
                        },
                        "weight": 100
                    },
                    {
                        "podAffinityTerm": {
                            "labelSelector": {
                                "matchLabels": {
                                    "app.kubernetes.io/part-of": "argocd"
                                }
                            },
                            "topologyKey": "kubernetes.io/hostname"
                        },
                        "weight": 5
                    }
                ]
            }
        },
        "containers": [
            {
                "command": [
                    "argocd-application-controller",
                    "--operation-processors",
                    "10",
                    "--redis",
                    "openshift-gitops-redis.openshift-gitops.svc.cluster.local:6379",
                    "--repo-server",
                    "openshift-gitops-repo-server.openshift-gitops.svc.cluster.local:8081",
                    "--status-processors",
                    "20",
                    "--kubectl-parallelism-limit",
                    "10",
                    "--loglevel",
                    "info",
                    "--logformat",
                    "text"
                ],
                "image": "registry.redhat.io/openshift-gitops-1/argocd-rhel8@sha256:3a0f7d98d98ae8fb3ab53506577e9647130e55c900952ed751ce08ef727a682f",
                "imagePullPolicy": "Always",
                "name": "argocd-application-controller",
                "ports": [
                    {
                        "containerPort": 8082,
                        "protocol": "TCP"
                    }
                ],
                "readinessProbe": {
                    "failureThreshold": 3,
                    "httpGet": {
                        "path": "/healthz",
                        "port": 8082,
                        "scheme": "HTTP"
                    },
                    "initialDelaySeconds": 5,
                    "periodSeconds": 10,
                    "successThreshold": 1,
                    "timeoutSeconds": 1
                },
                "resources": {
                    "limits": {
                        "cpu": "2",
                        "memory": "2Gi"
                    },
                    "requests": {
                        "cpu": "250m",
                        "memory": "1Gi"
                    }
                },
                "securityContext": {
                    "allowPrivilegeEscalation": false,
                    "capabilities": {
                        "drop": [
                            "ALL"
                        ]
                    },
                    "runAsNonRoot": true,
                    "runAsUser": 1000720000
                },
                "terminationMessagePath": "/dev/termination-log",
                "terminationMessagePolicy": "File",
                "volumeMounts": [
                    {
                        "mountPath": "/app/config/controller/tls",
                        "name": "argocd-repo-server-tls"
                    },
                    {
                        "mountPath": "/app/config/controller/tls/redis",
                        "name": "argocd-operator-redis-tls"
                    },
                    {
                        "mountPath": "/var/run/secrets/kubernetes.io/serviceaccount",
                        "name": "kube-api-access-85hnf",
                        "readOnly": true
                    }
                ]
            }
        ],
        "dnsPolicy": "ClusterFirst",
        "enableServiceLinks": true,
        "hostname": "openshift-gitops-application-controller-0",
        "imagePullSecrets": [
            {
                "name": "openshift-gitops-argocd-application-controller-dockercfg-n5r5g"
            }
        ],
        "nodeName": "ip-10-0-181-109.us-east-2.compute.internal",
        "nodeSelector": {
            "kubernetes.io/os": "linux"
        },
        "preemptionPolicy": "PreemptLowerPriority",
        "priority": 0,
        "restartPolicy": "Always",
        "schedulerName": "default-scheduler",
        "securityContext": {
            "fsGroup": 1000720000,
            "seLinuxOptions": {
                "level": "s0:c27,c9"
            },
            "seccompProfile": {
                "type": "RuntimeDefault"
            }
        },
        "serviceAccount": "openshift-gitops-argocd-application-controller",
        "serviceAccountName": "openshift-gitops-argocd-application-controller",
        "subdomain": "openshift-gitops-application-controller",
        "terminationGracePeriodSeconds": 30,
        "tolerations": [
            {
                "effect": "NoExecute",
                "key": "node.kubernetes.io/not-ready",
                "operator": "Exists",
                "tolerationSeconds": 300
            },
            {
                "effect": "NoExecute",
                "key": "node.kubernetes.io/unreachable",
                "operator": "Exists",
                "tolerationSeconds": 300
            },
            {
                "effect": "NoSchedule",
                "key": "node.kubernetes.io/memory-pressure",
                "operator": "Exists"
            }
        ],
        "volumes": [
            {
                "name": "argocd-repo-server-tls",
                "secret": {
                    "defaultMode": 420,
                    "optional": true,
                    "secretName": "argocd-repo-server-tls"
                }
            },
            {
                "name": "argocd-operator-redis-tls",
                "secret": {
                    "defaultMode": 420,
                    "optional": true,
                    "secretName": "argocd-operator-redis-tls"
                }
            },
            {
                "name": "kube-api-access-85hnf",
                "projected": {
                    "defaultMode": 420,
                    "sources": [
                        {
                            "serviceAccountToken": {
                                "expirationSeconds": 3607,
                                "path": "token"
                            }
                        },
                        {
                            "configMap": {
                                "items": [
                                    {
                                        "key": "ca.crt",
                                        "path": "ca.crt"
                                    }
                                ],
                                "name": "kube-root-ca.crt"
                            }
                        },
                        {
                            "downwardAPI": {
                                "items": [
                                    {
                                        "fieldRef": {
                                            "apiVersion": "v1",
                                            "fieldPath": "metadata.namespace"
                                        },
                                        "path": "namespace"
                                    }
                                ]
                            }
                        },
                        {
                            "configMap": {
                                "items": [
                                    {
                                        "key": "service-ca.crt",
                                        "path": "service-ca.crt"
                                    }
                                ],
                                "name": "openshift-service-ca.crt"
                            }
                        }
                    ]
                }
            }
        ]
    },
    "status": {
        "conditions": [
            {
                "lastProbeTime": null,
                "lastTransitionTime": "2023-03-06T20:00:52Z",
                "status": "True",
                "type": "Initialized"
            },
            {
                "lastProbeTime": null,
                "lastTransitionTime": "2023-03-06T20:01:33Z",
                "status": "True",
                "type": "Ready"
            },
            {
                "lastProbeTime": null,
                "lastTransitionTime": "2023-03-06T20:01:33Z",
                "status": "True",
                "type": "ContainersReady"
            },
            {
                "lastProbeTime": null,
                "lastTransitionTime": "2023-03-06T20:00:52Z",
                "status": "True",
                "type": "PodScheduled"
            }
        ],
        "containerStatuses": [
            {
                "containerID": "cri-o://f16b75dc9957895575fd27a0d23d67b08aca11427b90b19201d5efd216a57925",
                "image": "registry.redhat.io/openshift-gitops-1/argocd-rhel8@sha256:3a0f7d98d98ae8fb3ab53506577e9647130e55c900952ed751ce08ef727a682f",
                "imageID": "registry.redhat.io/openshift-gitops-1/argocd-rhel8@sha256:3a0f7d98d98ae8fb3ab53506577e9647130e55c900952ed751ce08ef727a682f",
                "lastState": {},
                "name": "argocd-application-controller",
                "ready": true,
                "restartCount": 0,
                "started": true,
                "state": {
                    "running": {
                        "startedAt": "2023-03-06T20:01:22Z"
                    }
                }
            }
        ],
        "hostIP": "10.0.181.109",
        "phase": "Running",
        "podIP": "10.131.0.63",
        "podIPs": [
            {
                "ip": "10.131.0.63"
            }
        ],
        "qosClass": "Burstable",
        "startTime": "2023-03-06T20:00:52Z"
    }
}
