time="2023-03-06T20:01:09Z" level=info msg="ArgoCD ApplicationSet Controller is starting" built="2023-02-13T09:50:50Z" commit= namespace=openshift-gitops version=v2.5.11+unknown
I0306 20:01:10.813797       7 request.go:601] Waited for 1.027833223s due to client-side throttling, not priority and fairness, request: GET:https://172.30.0.1:443/apis/apiserver.openshift.io/v1?timeout=32s
time="2023-03-06T20:01:13Z" level=info msg="Starting configmap/secret informers"
time="2023-03-06T20:01:13Z" level=info msg="Configmap/secret informer synced"
time="2023-03-06T20:01:13Z" level=info msg="Starting webhook server"
time="2023-03-06T20:01:13Z" level=info msg="Starting manager"
time="2023-03-06T20:11:13Z" level=info msg="Alloc=10613 TotalAlloc=32825 Sys=36945 NumGC=8 Goroutines=79"
time="2023-03-06T20:21:13Z" level=info msg="Alloc=10633 TotalAlloc=33172 Sys=36945 NumGC=13 Goroutines=79"
time="2023-03-06T20:31:13Z" level=info msg="Alloc=10685 TotalAlloc=33509 Sys=36945 NumGC=18 Goroutines=79"
time="2023-03-06T20:41:13Z" level=info msg="Alloc=10656 TotalAlloc=33868 Sys=36945 NumGC=23 Goroutines=79"
time="2023-03-06T20:51:13Z" level=info msg="Alloc=10683 TotalAlloc=34227 Sys=36945 NumGC=28 Goroutines=79"
