NAME                              READY   STATUS    RESTARTS   AGE
argocd-application-controller-0   1/1     Running   0          54m
