apiVersion: v1
kind: Pod
metadata:
  annotations:
    k8s.v1.cni.cncf.io/network-status: |-
      [{
          "name": "openshift-sdn",
          "interface": "eth0",
          "ips": [
              "10.131.0.66"
          ],
          "default": true,
          "dns": {}
      }]
    k8s.v1.cni.cncf.io/networks-status: |-
      [{
          "name": "openshift-sdn",
          "interface": "eth0",
          "ips": [
              "10.131.0.66"
          ],
          "default": true,
          "dns": {}
      }]
    openshift.io/scc: restricted-v2
    seccomp.security.alpha.kubernetes.io/pod: runtime/default
  creationTimestamp: "2023-03-06T20:03:18Z"
  generateName: argocd-repo-server-7d748b44fb-
  labels:
    app.kubernetes.io/name: argocd-repo-server
    pod-template-hash: 7d748b44fb
  name: argocd-repo-server-7d748b44fb-75w9n
  namespace: regina
  ownerReferences:
  - apiVersion: apps/v1
    blockOwnerDeletion: true
    controller: true
    kind: ReplicaSet
    name: argocd-repo-server-7d748b44fb
    uid: 676bb35a-5f74-4bae-9b34-172dbe418904
  resourceVersion: "684221"
  uid: 2b0ba472-84a9-4329-a951-2d88d051e3cd
spec:
  automountServiceAccountToken: false
  containers:
  - command:
    - uid_entrypoint.sh
    - argocd-repo-server
    - --redis
    - argocd-redis.regina.svc.cluster.local:6379
    - --loglevel
    - info
    - --logformat
    - text
    image: registry.redhat.io/openshift-gitops-1/argocd-rhel8@sha256:3a0f7d98d98ae8fb3ab53506577e9647130e55c900952ed751ce08ef727a682f
    imagePullPolicy: Always
    livenessProbe:
      failureThreshold: 3
      initialDelaySeconds: 5
      periodSeconds: 10
      successThreshold: 1
      tcpSocket:
        port: 8081
      timeoutSeconds: 1
    name: argocd-repo-server
    ports:
    - containerPort: 8081
      name: server
      protocol: TCP
    - containerPort: 8084
      name: metrics
      protocol: TCP
    readinessProbe:
      failureThreshold: 3
      initialDelaySeconds: 5
      periodSeconds: 10
      successThreshold: 1
      tcpSocket:
        port: 8081
      timeoutSeconds: 1
    resources:
      limits:
        cpu: "1"
        memory: 1Gi
      requests:
        cpu: 250m
        memory: 256Mi
    securityContext:
      allowPrivilegeEscalation: false
      capabilities:
        drop:
        - ALL
      runAsNonRoot: true
      runAsUser: 1000730000
    terminationMessagePath: /dev/termination-log
    terminationMessagePolicy: File
    volumeMounts:
    - mountPath: /app/config/ssh
      name: ssh-known-hosts
    - mountPath: /app/config/tls
      name: tls-certs
    - mountPath: /app/config/gpg/source
      name: gpg-keys
    - mountPath: /app/config/gpg/keys
      name: gpg-keyring
    - mountPath: /tmp
      name: tmp
    - mountPath: /app/config/reposerver/tls
      name: argocd-repo-server-tls
    - mountPath: /app/config/reposerver/tls/redis
      name: argocd-operator-redis-tls
    - mountPath: /home/argocd/cmp-server/plugins
      name: plugins
  dnsPolicy: ClusterFirst
  enableServiceLinks: true
  imagePullSecrets:
  - name: default-dockercfg-kzzqk
  initContainers:
  - command:
    - cp
    - -n
    - /usr/local/bin/argocd
    - /var/run/argocd/argocd-cmp-server
    image: registry.redhat.io/openshift-gitops-1/argocd-rhel8@sha256:3a0f7d98d98ae8fb3ab53506577e9647130e55c900952ed751ce08ef727a682f
    imagePullPolicy: Always
    name: copyutil
    resources:
      limits:
        cpu: "1"
        memory: 1Gi
      requests:
        cpu: 250m
        memory: 256Mi
    securityContext:
      allowPrivilegeEscalation: false
      capabilities:
        drop:
        - ALL
      runAsNonRoot: true
      runAsUser: 1000730000
    terminationMessagePath: /dev/termination-log
    terminationMessagePolicy: File
    volumeMounts:
    - mountPath: /var/run/argocd
      name: var-files
  nodeName: ip-10-0-181-109.us-east-2.compute.internal
  nodeSelector:
    kubernetes.io/os: linux
  preemptionPolicy: PreemptLowerPriority
  priority: 0
  restartPolicy: Always
  schedulerName: default-scheduler
  securityContext:
    fsGroup: 1000730000
    seLinuxOptions:
      level: s0:c27,c14
    seccompProfile:
      type: RuntimeDefault
  serviceAccount: default
  serviceAccountName: default
  terminationGracePeriodSeconds: 30
  tolerations:
  - effect: NoExecute
    key: node.kubernetes.io/not-ready
    operator: Exists
    tolerationSeconds: 300
  - effect: NoExecute
    key: node.kubernetes.io/unreachable
    operator: Exists
    tolerationSeconds: 300
  - effect: NoSchedule
    key: node.kubernetes.io/memory-pressure
    operator: Exists
  volumes:
  - configMap:
      defaultMode: 420
      name: argocd-ssh-known-hosts-cm
    name: ssh-known-hosts
  - configMap:
      defaultMode: 420
      name: argocd-tls-certs-cm
    name: tls-certs
  - configMap:
      defaultMode: 420
      name: argocd-gpg-keys-cm
    name: gpg-keys
  - emptyDir: {}
    name: gpg-keyring
  - emptyDir: {}
    name: tmp
  - name: argocd-repo-server-tls
    secret:
      defaultMode: 420
      optional: true
      secretName: argocd-repo-server-tls
  - name: argocd-operator-redis-tls
    secret:
      defaultMode: 420
      optional: true
      secretName: argocd-operator-redis-tls
  - emptyDir: {}
    name: var-files
  - emptyDir: {}
    name: plugins
status:
  conditions:
  - lastProbeTime: null
    lastTransitionTime: "2023-03-06T20:03:23Z"
    status: "True"
    type: Initialized
  - lastProbeTime: null
    lastTransitionTime: "2023-03-06T20:03:30Z"
    status: "True"
    type: Ready
  - lastProbeTime: null
    lastTransitionTime: "2023-03-06T20:03:30Z"
    status: "True"
    type: ContainersReady
  - lastProbeTime: null
    lastTransitionTime: "2023-03-06T20:03:18Z"
    status: "True"
    type: PodScheduled
  containerStatuses:
  - containerID: cri-o://04325b3195f35d12bfc037925a76d07ff585573faa99644dde652988692c340d
    image: registry.redhat.io/openshift-gitops-1/argocd-rhel8@sha256:3a0f7d98d98ae8fb3ab53506577e9647130e55c900952ed751ce08ef727a682f
    imageID: registry.redhat.io/openshift-gitops-1/argocd-rhel8@sha256:3a0f7d98d98ae8fb3ab53506577e9647130e55c900952ed751ce08ef727a682f
    lastState: {}
    name: argocd-repo-server
    ready: true
    restartCount: 0
    started: true
    state:
      running:
        startedAt: "2023-03-06T20:03:24Z"
  hostIP: 10.0.181.109
  initContainerStatuses:
  - containerID: cri-o://78c584ae319b4c4e7065b9dec9665dc7a7f8839f0b107ce5844568333627dfdf
    image: registry.redhat.io/openshift-gitops-1/argocd-rhel8@sha256:3a0f7d98d98ae8fb3ab53506577e9647130e55c900952ed751ce08ef727a682f
    imageID: registry.redhat.io/openshift-gitops-1/argocd-rhel8@sha256:3a0f7d98d98ae8fb3ab53506577e9647130e55c900952ed751ce08ef727a682f
    lastState: {}
    name: copyutil
    ready: true
    restartCount: 0
    state:
      terminated:
        containerID: cri-o://78c584ae319b4c4e7065b9dec9665dc7a7f8839f0b107ce5844568333627dfdf
        exitCode: 0
        finishedAt: "2023-03-06T20:03:23Z"
        reason: Completed
        startedAt: "2023-03-06T20:03:22Z"
  phase: Running
  podIP: 10.131.0.66
  podIPs:
  - ip: 10.131.0.66
  qosClass: Burstable
  startTime: "2023-03-06T20:03:18Z"
