{
    "apiVersion": "v1",
    "kind": "Pod",
    "metadata": {
        "annotations": {
            "k8s.v1.cni.cncf.io/network-status": "[{\n    \"name\": \"openshift-sdn\",\n    \"interface\": \"eth0\",\n    \"ips\": [\n        \"10.131.0.67\"\n    ],\n    \"default\": true,\n    \"dns\": {}\n}]",
            "k8s.v1.cni.cncf.io/networks-status": "[{\n    \"name\": \"openshift-sdn\",\n    \"interface\": \"eth0\",\n    \"ips\": [\n        \"10.131.0.67\"\n    ],\n    \"default\": true,\n    \"dns\": {}\n}]",
            "openshift.io/scc": "restricted-v2",
            "seccomp.security.alpha.kubernetes.io/pod": "runtime/default"
        },
        "creationTimestamp": "2023-03-06T20:03:18Z",
        "generateName": "argocd-server-865dbdbb97-",
        "labels": {
            "app.kubernetes.io/name": "argocd-server",
            "pod-template-hash": "865dbdbb97"
        },
        "name": "argocd-server-865dbdbb97-9l694",
        "namespace": "regina",
        "ownerReferences": [
            {
                "apiVersion": "apps/v1",
                "blockOwnerDeletion": true,
                "controller": true,
                "kind": "ReplicaSet",
                "name": "argocd-server-865dbdbb97",
                "uid": "98655ab9-39b9-4b1a-a585-cd41e7cd296a"
            }
        ],
        "resourceVersion": "684630",
        "uid": "76c705d1-2219-474b-b58b-a8ed1337924d"
    },
    "spec": {
        "containers": [
            {
                "command": [
                    "argocd-server",
                    "--staticassets",
                    "/shared/app",
                    "--dex-server",
                    "https://argocd-dex-server.regina.svc.cluster.local:5556",
                    "--repo-server",
                    "argocd-repo-server.regina.svc.cluster.local:8081",
                    "--redis",
                    "argocd-redis.regina.svc.cluster.local:6379",
                    "--loglevel",
                    "info",
                    "--logformat",
                    "text"
                ],
                "image": "registry.redhat.io/openshift-gitops-1/argocd-rhel8@sha256:3a0f7d98d98ae8fb3ab53506577e9647130e55c900952ed751ce08ef727a682f",
                "imagePullPolicy": "Always",
                "livenessProbe": {
                    "failureThreshold": 3,
                    "httpGet": {
                        "path": "/healthz",
                        "port": 8080,
                        "scheme": "HTTP"
                    },
                    "initialDelaySeconds": 3,
                    "periodSeconds": 30,
                    "successThreshold": 1,
                    "timeoutSeconds": 1
                },
                "name": "argocd-server",
                "ports": [
                    {
                        "containerPort": 8080,
                        "protocol": "TCP"
                    },
                    {
                        "containerPort": 8083,
                        "protocol": "TCP"
                    }
                ],
                "readinessProbe": {
                    "failureThreshold": 3,
                    "httpGet": {
                        "path": "/healthz",
                        "port": 8080,
                        "scheme": "HTTP"
                    },
                    "initialDelaySeconds": 3,
                    "periodSeconds": 30,
                    "successThreshold": 1,
                    "timeoutSeconds": 1
                },
                "resources": {
                    "limits": {
                        "cpu": "500m",
                        "memory": "256Mi"
                    },
                    "requests": {
                        "cpu": "125m",
                        "memory": "128Mi"
                    }
                },
                "securityContext": {
                    "allowPrivilegeEscalation": false,
                    "capabilities": {
                        "drop": [
                            "ALL"
                        ]
                    },
                    "runAsNonRoot": true,
                    "runAsUser": 1000730000
                },
                "terminationMessagePath": "/dev/termination-log",
                "terminationMessagePolicy": "File",
                "volumeMounts": [
                    {
                        "mountPath": "/app/config/ssh",
                        "name": "ssh-known-hosts"
                    },
                    {
                        "mountPath": "/app/config/tls",
                        "name": "tls-certs"
                    },
                    {
                        "mountPath": "/app/config/server/tls",
                        "name": "argocd-repo-server-tls"
                    },
                    {
                        "mountPath": "/app/config/server/tls/redis",
                        "name": "argocd-operator-redis-tls"
                    },
                    {
                        "mountPath": "/var/run/secrets/kubernetes.io/serviceaccount",
                        "name": "kube-api-access-wh7gs",
                        "readOnly": true
                    }
                ]
            }
        ],
        "dnsPolicy": "ClusterFirst",
        "enableServiceLinks": true,
        "imagePullSecrets": [
            {
                "name": "argocd-argocd-server-dockercfg-thf8l"
            }
        ],
        "nodeName": "ip-10-0-181-109.us-east-2.compute.internal",
        "nodeSelector": {
            "kubernetes.io/os": "linux"
        },
        "preemptionPolicy": "PreemptLowerPriority",
        "priority": 0,
        "restartPolicy": "Always",
        "schedulerName": "default-scheduler",
        "securityContext": {
            "fsGroup": 1000730000,
            "seLinuxOptions": {
                "level": "s0:c27,c14"
            },
            "seccompProfile": {
                "type": "RuntimeDefault"
            }
        },
        "serviceAccount": "argocd-argocd-server",
        "serviceAccountName": "argocd-argocd-server",
        "terminationGracePeriodSeconds": 30,
        "tolerations": [
            {
                "effect": "NoExecute",
                "key": "node.kubernetes.io/not-ready",
                "operator": "Exists",
                "tolerationSeconds": 300
            },
            {
                "effect": "NoExecute",
                "key": "node.kubernetes.io/unreachable",
                "operator": "Exists",
                "tolerationSeconds": 300
            },
            {
                "effect": "NoSchedule",
                "key": "node.kubernetes.io/memory-pressure",
                "operator": "Exists"
            }
        ],
        "volumes": [
            {
                "configMap": {
                    "defaultMode": 420,
                    "name": "argocd-ssh-known-hosts-cm"
                },
                "name": "ssh-known-hosts"
            },
            {
                "configMap": {
                    "defaultMode": 420,
                    "name": "argocd-tls-certs-cm"
                },
                "name": "tls-certs"
            },
            {
                "name": "argocd-repo-server-tls",
                "secret": {
                    "defaultMode": 420,
                    "optional": true,
                    "secretName": "argocd-repo-server-tls"
                }
            },
            {
                "name": "argocd-operator-redis-tls",
                "secret": {
                    "defaultMode": 420,
                    "optional": true,
                    "secretName": "argocd-operator-redis-tls"
                }
            },
            {
                "name": "kube-api-access-wh7gs",
                "projected": {
                    "defaultMode": 420,
                    "sources": [
                        {
                            "serviceAccountToken": {
                                "expirationSeconds": 3607,
                                "path": "token"
                            }
                        },
                        {
                            "configMap": {
                                "items": [
                                    {
                                        "key": "ca.crt",
                                        "path": "ca.crt"
                                    }
                                ],
                                "name": "kube-root-ca.crt"
                            }
                        },
                        {
                            "downwardAPI": {
                                "items": [
                                    {
                                        "fieldRef": {
                                            "apiVersion": "v1",
                                            "fieldPath": "metadata.namespace"
                                        },
                                        "path": "namespace"
                                    }
                                ]
                            }
                        },
                        {
                            "configMap": {
                                "items": [
                                    {
                                        "key": "service-ca.crt",
                                        "path": "service-ca.crt"
                                    }
                                ],
                                "name": "openshift-service-ca.crt"
                            }
                        }
                    ]
                }
            }
        ]
    },
    "status": {
        "conditions": [
            {
                "lastProbeTime": null,
                "lastTransitionTime": "2023-03-06T20:03:18Z",
                "status": "True",
                "type": "Initialized"
            },
            {
                "lastProbeTime": null,
                "lastTransitionTime": "2023-03-06T20:03:50Z",
                "status": "True",
                "type": "Ready"
            },
            {
                "lastProbeTime": null,
                "lastTransitionTime": "2023-03-06T20:03:50Z",
                "status": "True",
                "type": "ContainersReady"
            },
            {
                "lastProbeTime": null,
                "lastTransitionTime": "2023-03-06T20:03:18Z",
                "status": "True",
                "type": "PodScheduled"
            }
        ],
        "containerStatuses": [
            {
                "containerID": "cri-o://83286d0f8335183e1f023f8bc03eb251dbf724b29ef14a181054fa1223819a31",
                "image": "registry.redhat.io/openshift-gitops-1/argocd-rhel8@sha256:3a0f7d98d98ae8fb3ab53506577e9647130e55c900952ed751ce08ef727a682f",
                "imageID": "registry.redhat.io/openshift-gitops-1/argocd-rhel8@sha256:3a0f7d98d98ae8fb3ab53506577e9647130e55c900952ed751ce08ef727a682f",
                "lastState": {},
                "name": "argocd-server",
                "ready": true,
                "restartCount": 0,
                "started": true,
                "state": {
                    "running": {
                        "startedAt": "2023-03-06T20:03:23Z"
                    }
                }
            }
        ],
        "hostIP": "10.0.181.109",
        "phase": "Running",
        "podIP": "10.131.0.67",
        "podIPs": [
            {
                "ip": "10.131.0.67"
            }
        ],
        "qosClass": "Burstable",
        "startTime": "2023-03-06T20:03:18Z"
    }
}
