NAME   READY   UP-TO-DATE   AVAILABLE   AGE
kam    1/1     1            1           55m
