NAME                                         READY   UP-TO-DATE   AVAILABLE   AGE
openshift-gitops-applicationset-controller   1/1     1            1           55m
