LAST SEEN   TYPE      REASON        OBJECT                                    MESSAGE
54m         Warning   FailedMount   pod/argocd-repo-server-7d748b44fb-75w9n   MountVolume.SetUp failed for volume "gpg-keys" : failed to sync configmap cache: timed out waiting for the condition
54m         Warning   FailedMount   pod/argocd-repo-server-7d748b44fb-75w9n   MountVolume.SetUp failed for volume "tls-certs" : failed to sync configmap cache: timed out waiting for the condition
54m         Warning   FailedMount   pod/argocd-server-865dbdbb97-9l694        MountVolume.SetUp failed for volume "tls-certs" : failed to sync configmap cache: timed out waiting for the condition
