apiVersion: v1
kind: Service
metadata:
  creationTimestamp: "2023-03-06T20:00:50Z"
  name: kam
  namespace: openshift-gitops
  ownerReferences:
  - apiVersion: pipelines.openshift.io/v1alpha1
    blockOwnerDeletion: true
    controller: true
    kind: GitopsService
    name: cluster
    uid: 11dcbd2a-26d0-4233-9a7f-b7370ff9da4e
  resourceVersion: "680460"
  uid: 4afed6e4-e5c7-4d0a-8d0a-6bd9c731e18d
spec:
  clusterIP: 172.30.247.121
  clusterIPs:
  - 172.30.247.121
  internalTrafficPolicy: Cluster
  ipFamilies:
  - IPv4
  ipFamilyPolicy: SingleStack
  ports:
  - name: tcp-8080
    port: 8080
    protocol: TCP
    targetPort: 8080
  - name: tcp-8443
    port: 8443
    protocol: TCP
    targetPort: 8443
  selector:
    app.kubernetes.io/name: kam
  sessionAffinity: None
  type: ClusterIP
status:
  loadBalancer: {}
