{
    "apiVersion": "v1",
    "kind": "Service",
    "metadata": {
        "creationTimestamp": "2023-03-06T20:00:52Z",
        "labels": {
            "app.kubernetes.io/component": "server",
            "app.kubernetes.io/managed-by": "openshift-gitops",
            "app.kubernetes.io/name": "openshift-gitops-server",
            "app.kubernetes.io/part-of": "argocd"
        },
        "name": "openshift-gitops-server",
        "namespace": "openshift-gitops",
        "ownerReferences": [
            {
                "apiVersion": "argoproj.io/v1alpha1",
                "blockOwnerDeletion": true,
                "controller": true,
                "kind": "ArgoCD",
                "name": "openshift-gitops",
                "uid": "6f84ba67-afc2-4a8a-a183-cb61ad300aa9"
            }
        ],
        "resourceVersion": "680658",
        "uid": "64250e52-e48a-4327-935d-56b8508a9aa8"
    },
    "spec": {
        "clusterIP": "172.30.24.135",
        "clusterIPs": [
            "172.30.24.135"
        ],
        "internalTrafficPolicy": "Cluster",
        "ipFamilies": [
            "IPv4"
        ],
        "ipFamilyPolicy": "SingleStack",
        "ports": [
            {
                "name": "http",
                "port": 80,
                "protocol": "TCP",
                "targetPort": 8080
            },
            {
                "name": "https",
                "port": 443,
                "protocol": "TCP",
                "targetPort": 8080
            }
        ],
        "selector": {
            "app.kubernetes.io/name": "openshift-gitops-server"
        },
        "sessionAffinity": "None",
        "type": "ClusterIP"
    },
    "status": {
        "loadBalancer": {}
    }
}
