NAME                     TYPE        CLUSTER-IP     EXTERNAL-IP   PORT(S)    AGE
openshift-gitops-redis   ClusterIP   172.30.1.231   <none>        6379/TCP   56m
