apiVersion: argoproj.io/v1alpha1
kind: ArgoCD
metadata:
  creationTimestamp: "2023-03-06T20:00:50Z"
  finalizers:
  - argoproj.io/finalizer
  generation: 1
  name: openshift-gitops
  namespace: openshift-gitops
  ownerReferences:
  - apiVersion: pipelines.openshift.io/v1alpha1
    blockOwnerDeletion: true
    controller: true
    kind: GitopsService
    name: cluster
    uid: 11dcbd2a-26d0-4233-9a7f-b7370ff9da4e
  resourceVersion: "682394"
  uid: 6f84ba67-afc2-4a8a-a183-cb61ad300aa9
spec:
  applicationSet:
    resources:
      limits:
        cpu: "2"
        memory: 1Gi
      requests:
        cpu: 250m
        memory: 512Mi
    webhookServer:
      ingress:
        enabled: false
      route:
        enabled: false
  controller:
    processors: {}
    resources:
      limits:
        cpu: "2"
        memory: 2Gi
      requests:
        cpu: 250m
        memory: 1Gi
    sharding: {}
  grafana:
    enabled: false
    ingress:
      enabled: false
    resources:
      limits:
        cpu: 500m
        memory: 256Mi
      requests:
        cpu: 250m
        memory: 128Mi
    route:
      enabled: false
  ha:
    enabled: false
    resources:
      limits:
        cpu: 500m
        memory: 256Mi
      requests:
        cpu: 250m
        memory: 128Mi
  initialSSHKnownHosts: {}
  notifications:
    enabled: false
  prometheus:
    enabled: false
    ingress:
      enabled: false
    route:
      enabled: false
  rbac:
    policy: |
      g, system:cluster-admins, role:admin
      g, cluster-admins, role:admin
    scopes: '[groups]'
  redis:
    resources:
      limits:
        cpu: 500m
        memory: 256Mi
      requests:
        cpu: 250m
        memory: 128Mi
  repo:
    resources:
      limits:
        cpu: "1"
        memory: 1Gi
      requests:
        cpu: 250m
        memory: 256Mi
  resourceExclusions: |
    - apiGroups:
      - tekton.dev
      clusters:
      - '*'
      kinds:
      - TaskRun
      - PipelineRun
  server:
    autoscale:
      enabled: false
    grpc:
      ingress:
        enabled: false
    ingress:
      enabled: false
    resources:
      limits:
        cpu: 500m
        memory: 256Mi
      requests:
        cpu: 125m
        memory: 128Mi
    route:
      enabled: true
    service:
      type: ""
  sso:
    dex:
      openShiftOAuth: true
      resources:
        limits:
          cpu: 500m
          memory: 256Mi
        requests:
          cpu: 250m
          memory: 128Mi
    provider: dex
  tls:
    ca: {}
status:
  applicationController: Running
  dex: Running
  host: openshift-gitops-server-openshift-gitops.apps.rhoms-4.13-030604.dev.openshiftappsvc.org
  phase: Available
  redis: Running
  repo: Running
  server: Running
  ssoConfig: Success
