NAME                            READY   AGE
argocd-application-controller   1/1     54m
