NAME                 DESIRED   CURRENT   READY   AGE
cluster-54f5bcdc85   1         1         1       56m
