apiVersion: apps/v1
kind: ReplicaSet
metadata:
  annotations:
    deployment.kubernetes.io/desired-replicas: "1"
    deployment.kubernetes.io/max-replicas: "2"
    deployment.kubernetes.io/revision: "1"
  creationTimestamp: "2023-03-06T20:00:52Z"
  generation: 1
  labels:
    app.kubernetes.io/name: openshift-gitops-server
    pod-template-hash: 786849cbb8
  name: openshift-gitops-server-786849cbb8
  namespace: openshift-gitops
  ownerReferences:
  - apiVersion: apps/v1
    blockOwnerDeletion: true
    controller: true
    kind: Deployment
    name: openshift-gitops-server
    uid: 0e4a9ef6-85ca-4028-b042-5a45c1c5b26c
  resourceVersion: "682388"
  uid: bae35e70-862b-421d-9cf6-c407023e7274
spec:
  replicas: 1
  selector:
    matchLabels:
      app.kubernetes.io/name: openshift-gitops-server
      pod-template-hash: 786849cbb8
  template:
    metadata:
      creationTimestamp: null
      labels:
        app.kubernetes.io/name: openshift-gitops-server
        pod-template-hash: 786849cbb8
    spec:
      containers:
      - command:
        - argocd-server
        - --staticassets
        - /shared/app
        - --dex-server
        - https://openshift-gitops-dex-server.openshift-gitops.svc.cluster.local:5556
        - --repo-server
        - openshift-gitops-repo-server.openshift-gitops.svc.cluster.local:8081
        - --redis
        - openshift-gitops-redis.openshift-gitops.svc.cluster.local:6379
        - --loglevel
        - info
        - --logformat
        - text
        image: registry.redhat.io/openshift-gitops-1/argocd-rhel8@sha256:3a0f7d98d98ae8fb3ab53506577e9647130e55c900952ed751ce08ef727a682f
        imagePullPolicy: Always
        livenessProbe:
          failureThreshold: 3
          httpGet:
            path: /healthz
            port: 8080
            scheme: HTTP
          initialDelaySeconds: 3
          periodSeconds: 30
          successThreshold: 1
          timeoutSeconds: 1
        name: argocd-server
        ports:
        - containerPort: 8080
          protocol: TCP
        - containerPort: 8083
          protocol: TCP
        readinessProbe:
          failureThreshold: 3
          httpGet:
            path: /healthz
            port: 8080
            scheme: HTTP
          initialDelaySeconds: 3
          periodSeconds: 30
          successThreshold: 1
          timeoutSeconds: 1
        resources:
          limits:
            cpu: 500m
            memory: 256Mi
          requests:
            cpu: 125m
            memory: 128Mi
        securityContext:
          allowPrivilegeEscalation: false
          capabilities:
            drop:
            - ALL
          runAsNonRoot: true
        terminationMessagePath: /dev/termination-log
        terminationMessagePolicy: File
        volumeMounts:
        - mountPath: /app/config/ssh
          name: ssh-known-hosts
        - mountPath: /app/config/tls
          name: tls-certs
        - mountPath: /app/config/server/tls
          name: argocd-repo-server-tls
        - mountPath: /app/config/server/tls/redis
          name: argocd-operator-redis-tls
      dnsPolicy: ClusterFirst
      nodeSelector:
        kubernetes.io/os: linux
      restartPolicy: Always
      schedulerName: default-scheduler
      securityContext:
        seccompProfile:
          type: RuntimeDefault
      serviceAccount: openshift-gitops-argocd-server
      serviceAccountName: openshift-gitops-argocd-server
      terminationGracePeriodSeconds: 30
      volumes:
      - configMap:
          defaultMode: 420
          name: argocd-ssh-known-hosts-cm
        name: ssh-known-hosts
      - configMap:
          defaultMode: 420
          name: argocd-tls-certs-cm
        name: tls-certs
      - name: argocd-repo-server-tls
        secret:
          defaultMode: 420
          optional: true
          secretName: argocd-repo-server-tls
      - name: argocd-operator-redis-tls
        secret:
          defaultMode: 420
          optional: true
          secretName: argocd-operator-redis-tls
status:
  availableReplicas: 1
  fullyLabeledReplicas: 1
  observedGeneration: 1
  readyReplicas: 1
  replicas: 1
