NAME                               DESIRED   CURRENT   READY   AGE
openshift-gitops-redis-bb656787d   1         1         1       56m
