{
    "apiVersion": "apps/v1",
    "kind": "Deployment",
    "metadata": {
        "annotations": {
            "deployment.kubernetes.io/revision": "1"
        },
        "creationTimestamp": "2023-03-06T20:03:18Z",
        "generation": 1,
        "labels": {
            "app.kubernetes.io/component": "server",
            "app.kubernetes.io/managed-by": "argocd",
            "app.kubernetes.io/name": "argocd-server",
            "app.kubernetes.io/part-of": "argocd"
        },
        "name": "argocd-server",
        "namespace": "regina",
        "ownerReferences": [
            {
                "apiVersion": "argoproj.io/v1alpha1",
                "blockOwnerDeletion": true,
                "controller": true,
                "kind": "ArgoCD",
                "name": "argocd",
                "uid": "7f0f337d-5072-48b6-af9a-2c90a74656dd"
            }
        ],
        "resourceVersion": "684636",
        "uid": "6867b09b-e348-49c6-8dd1-677549b41536"
    },
    "spec": {
        "progressDeadlineSeconds": 600,
        "replicas": 1,
        "revisionHistoryLimit": 10,
        "selector": {
            "matchLabels": {
                "app.kubernetes.io/name": "argocd-server"
            }
        },
        "strategy": {
            "rollingUpdate": {
                "maxSurge": "25%",
                "maxUnavailable": "25%"
            },
            "type": "RollingUpdate"
        },
        "template": {
            "metadata": {
                "creationTimestamp": null,
                "labels": {
                    "app.kubernetes.io/name": "argocd-server"
                }
            },
            "spec": {
                "containers": [
                    {
                        "command": [
                            "argocd-server",
                            "--staticassets",
                            "/shared/app",
                            "--dex-server",
                            "https://argocd-dex-server.regina.svc.cluster.local:5556",
                            "--repo-server",
                            "argocd-repo-server.regina.svc.cluster.local:8081",
                            "--redis",
                            "argocd-redis.regina.svc.cluster.local:6379",
                            "--loglevel",
                            "info",
                            "--logformat",
                            "text"
                        ],
                        "image": "registry.redhat.io/openshift-gitops-1/argocd-rhel8@sha256:3a0f7d98d98ae8fb3ab53506577e9647130e55c900952ed751ce08ef727a682f",
                        "imagePullPolicy": "Always",
                        "livenessProbe": {
                            "failureThreshold": 3,
                            "httpGet": {
                                "path": "/healthz",
                                "port": 8080,
                                "scheme": "HTTP"
                            },
                            "initialDelaySeconds": 3,
                            "periodSeconds": 30,
                            "successThreshold": 1,
                            "timeoutSeconds": 1
                        },
                        "name": "argocd-server",
                        "ports": [
                            {
                                "containerPort": 8080,
                                "protocol": "TCP"
                            },
                            {
                                "containerPort": 8083,
                                "protocol": "TCP"
                            }
                        ],
                        "readinessProbe": {
                            "failureThreshold": 3,
                            "httpGet": {
                                "path": "/healthz",
                                "port": 8080,
                                "scheme": "HTTP"
                            },
                            "initialDelaySeconds": 3,
                            "periodSeconds": 30,
                            "successThreshold": 1,
                            "timeoutSeconds": 1
                        },
                        "resources": {
                            "limits": {
                                "cpu": "500m",
                                "memory": "256Mi"
                            },
                            "requests": {
                                "cpu": "125m",
                                "memory": "128Mi"
                            }
                        },
                        "securityContext": {
                            "allowPrivilegeEscalation": false,
                            "capabilities": {
                                "drop": [
                                    "ALL"
                                ]
                            },
                            "runAsNonRoot": true
                        },
                        "terminationMessagePath": "/dev/termination-log",
                        "terminationMessagePolicy": "File",
                        "volumeMounts": [
                            {
                                "mountPath": "/app/config/ssh",
                                "name": "ssh-known-hosts"
                            },
                            {
                                "mountPath": "/app/config/tls",
                                "name": "tls-certs"
                            },
                            {
                                "mountPath": "/app/config/server/tls",
                                "name": "argocd-repo-server-tls"
                            },
                            {
                                "mountPath": "/app/config/server/tls/redis",
                                "name": "argocd-operator-redis-tls"
                            }
                        ]
                    }
                ],
                "dnsPolicy": "ClusterFirst",
                "nodeSelector": {
                    "kubernetes.io/os": "linux"
                },
                "restartPolicy": "Always",
                "schedulerName": "default-scheduler",
                "securityContext": {
                    "seccompProfile": {
                        "type": "RuntimeDefault"
                    }
                },
                "serviceAccount": "argocd-argocd-server",
                "serviceAccountName": "argocd-argocd-server",
                "terminationGracePeriodSeconds": 30,
                "volumes": [
                    {
                        "configMap": {
                            "defaultMode": 420,
                            "name": "argocd-ssh-known-hosts-cm"
                        },
                        "name": "ssh-known-hosts"
                    },
                    {
                        "configMap": {
                            "defaultMode": 420,
                            "name": "argocd-tls-certs-cm"
                        },
                        "name": "tls-certs"
                    },
                    {
                        "name": "argocd-repo-server-tls",
                        "secret": {
                            "defaultMode": 420,
                            "optional": true,
                            "secretName": "argocd-repo-server-tls"
                        }
                    },
                    {
                        "name": "argocd-operator-redis-tls",
                        "secret": {
                            "defaultMode": 420,
                            "optional": true,
                            "secretName": "argocd-operator-redis-tls"
                        }
                    }
                ]
            }
        }
    },
    "status": {
        "availableReplicas": 1,
        "conditions": [
            {
                "lastTransitionTime": "2023-03-06T20:03:50Z",
                "lastUpdateTime": "2023-03-06T20:03:50Z",
                "message": "Deployment has minimum availability.",
                "reason": "MinimumReplicasAvailable",
                "status": "True",
                "type": "Available"
            },
            {
                "lastTransitionTime": "2023-03-06T20:03:18Z",
                "lastUpdateTime": "2023-03-06T20:03:50Z",
                "message": "ReplicaSet \"argocd-server-865dbdbb97\" has successfully progressed.",
                "reason": "NewReplicaSetAvailable",
                "status": "True",
                "type": "Progressing"
            }
        ],
        "observedGeneration": 1,
        "readyReplicas": 1,
        "replicas": 1,
        "updatedReplicas": 1
    }
}
