NAME                 READY   UP-TO-DATE   AVAILABLE   AGE
argocd-repo-server   1/1     1            1           54m
