{
    "apiVersion": "apps/v1",
    "kind": "Deployment",
    "metadata": {
        "annotations": {
            "deployment.kubernetes.io/revision": "1"
        },
        "creationTimestamp": "2023-03-06T20:03:18Z",
        "generation": 1,
        "labels": {
            "app.kubernetes.io/component": "repo-server",
            "app.kubernetes.io/managed-by": "argocd",
            "app.kubernetes.io/name": "argocd-repo-server",
            "app.kubernetes.io/part-of": "argocd"
        },
        "name": "argocd-repo-server",
        "namespace": "regina",
        "ownerReferences": [
            {
                "apiVersion": "argoproj.io/v1alpha1",
                "blockOwnerDeletion": true,
                "controller": true,
                "kind": "ArgoCD",
                "name": "argocd",
                "uid": "7f0f337d-5072-48b6-af9a-2c90a74656dd"
            }
        ],
        "resourceVersion": "684226",
        "uid": "77453111-4f5c-47fd-9a3b-275beb18bef3"
    },
    "spec": {
        "progressDeadlineSeconds": 600,
        "replicas": 1,
        "revisionHistoryLimit": 10,
        "selector": {
            "matchLabels": {
                "app.kubernetes.io/name": "argocd-repo-server"
            }
        },
        "strategy": {
            "rollingUpdate": {
                "maxSurge": "25%",
                "maxUnavailable": "25%"
            },
            "type": "RollingUpdate"
        },
        "template": {
            "metadata": {
                "creationTimestamp": null,
                "labels": {
                    "app.kubernetes.io/name": "argocd-repo-server"
                }
            },
            "spec": {
                "automountServiceAccountToken": false,
                "containers": [
                    {
                        "command": [
                            "uid_entrypoint.sh",
                            "argocd-repo-server",
                            "--redis",
                            "argocd-redis.regina.svc.cluster.local:6379",
                            "--loglevel",
                            "info",
                            "--logformat",
                            "text"
                        ],
                        "image": "registry.redhat.io/openshift-gitops-1/argocd-rhel8@sha256:3a0f7d98d98ae8fb3ab53506577e9647130e55c900952ed751ce08ef727a682f",
                        "imagePullPolicy": "Always",
                        "livenessProbe": {
                            "failureThreshold": 3,
                            "initialDelaySeconds": 5,
                            "periodSeconds": 10,
                            "successThreshold": 1,
                            "tcpSocket": {
                                "port": 8081
                            },
                            "timeoutSeconds": 1
                        },
                        "name": "argocd-repo-server",
                        "ports": [
                            {
                                "containerPort": 8081,
                                "name": "server",
                                "protocol": "TCP"
                            },
                            {
                                "containerPort": 8084,
                                "name": "metrics",
                                "protocol": "TCP"
                            }
                        ],
                        "readinessProbe": {
                            "failureThreshold": 3,
                            "initialDelaySeconds": 5,
                            "periodSeconds": 10,
                            "successThreshold": 1,
                            "tcpSocket": {
                                "port": 8081
                            },
                            "timeoutSeconds": 1
                        },
                        "resources": {
                            "limits": {
                                "cpu": "1",
                                "memory": "1Gi"
                            },
                            "requests": {
                                "cpu": "250m",
                                "memory": "256Mi"
                            }
                        },
                        "securityContext": {
                            "allowPrivilegeEscalation": false,
                            "capabilities": {
                                "drop": [
                                    "ALL"
                                ]
                            },
                            "runAsNonRoot": true
                        },
                        "terminationMessagePath": "/dev/termination-log",
                        "terminationMessagePolicy": "File",
                        "volumeMounts": [
                            {
                                "mountPath": "/app/config/ssh",
                                "name": "ssh-known-hosts"
                            },
                            {
                                "mountPath": "/app/config/tls",
                                "name": "tls-certs"
                            },
                            {
                                "mountPath": "/app/config/gpg/source",
                                "name": "gpg-keys"
                            },
                            {
                                "mountPath": "/app/config/gpg/keys",
                                "name": "gpg-keyring"
                            },
                            {
                                "mountPath": "/tmp",
                                "name": "tmp"
                            },
                            {
                                "mountPath": "/app/config/reposerver/tls",
                                "name": "argocd-repo-server-tls"
                            },
                            {
                                "mountPath": "/app/config/reposerver/tls/redis",
                                "name": "argocd-operator-redis-tls"
                            },
                            {
                                "mountPath": "/home/argocd/cmp-server/plugins",
                                "name": "plugins"
                            }
                        ]
                    }
                ],
                "dnsPolicy": "ClusterFirst",
                "initContainers": [
                    {
                        "command": [
                            "cp",
                            "-n",
                            "/usr/local/bin/argocd",
                            "/var/run/argocd/argocd-cmp-server"
                        ],
                        "image": "registry.redhat.io/openshift-gitops-1/argocd-rhel8@sha256:3a0f7d98d98ae8fb3ab53506577e9647130e55c900952ed751ce08ef727a682f",
                        "imagePullPolicy": "Always",
                        "name": "copyutil",
                        "resources": {
                            "limits": {
                                "cpu": "1",
                                "memory": "1Gi"
                            },
                            "requests": {
                                "cpu": "250m",
                                "memory": "256Mi"
                            }
                        },
                        "securityContext": {
                            "allowPrivilegeEscalation": false,
                            "capabilities": {
                                "drop": [
                                    "ALL"
                                ]
                            },
                            "runAsNonRoot": true
                        },
                        "terminationMessagePath": "/dev/termination-log",
                        "terminationMessagePolicy": "File",
                        "volumeMounts": [
                            {
                                "mountPath": "/var/run/argocd",
                                "name": "var-files"
                            }
                        ]
                    }
                ],
                "nodeSelector": {
                    "kubernetes.io/os": "linux"
                },
                "restartPolicy": "Always",
                "schedulerName": "default-scheduler",
                "securityContext": {
                    "seccompProfile": {
                        "type": "RuntimeDefault"
                    }
                },
                "terminationGracePeriodSeconds": 30,
                "volumes": [
                    {
                        "configMap": {
                            "defaultMode": 420,
                            "name": "argocd-ssh-known-hosts-cm"
                        },
                        "name": "ssh-known-hosts"
                    },
                    {
                        "configMap": {
                            "defaultMode": 420,
                            "name": "argocd-tls-certs-cm"
                        },
                        "name": "tls-certs"
                    },
                    {
                        "configMap": {
                            "defaultMode": 420,
                            "name": "argocd-gpg-keys-cm"
                        },
                        "name": "gpg-keys"
                    },
                    {
                        "emptyDir": {},
                        "name": "gpg-keyring"
                    },
                    {
                        "emptyDir": {},
                        "name": "tmp"
                    },
                    {
                        "name": "argocd-repo-server-tls",
                        "secret": {
                            "defaultMode": 420,
                            "optional": true,
                            "secretName": "argocd-repo-server-tls"
                        }
                    },
                    {
                        "name": "argocd-operator-redis-tls",
                        "secret": {
                            "defaultMode": 420,
                            "optional": true,
                            "secretName": "argocd-operator-redis-tls"
                        }
                    },
                    {
                        "emptyDir": {},
                        "name": "var-files"
                    },
                    {
                        "emptyDir": {},
                        "name": "plugins"
                    }
                ]
            }
        }
    },
    "status": {
        "availableReplicas": 1,
        "conditions": [
            {
                "lastTransitionTime": "2023-03-06T20:03:30Z",
                "lastUpdateTime": "2023-03-06T20:03:30Z",
                "message": "Deployment has minimum availability.",
                "reason": "MinimumReplicasAvailable",
                "status": "True",
                "type": "Available"
            },
            {
                "lastTransitionTime": "2023-03-06T20:03:18Z",
                "lastUpdateTime": "2023-03-06T20:03:30Z",
                "message": "ReplicaSet \"argocd-repo-server-7d748b44fb\" has successfully progressed.",
                "reason": "NewReplicaSetAvailable",
                "status": "True",
                "type": "Progressing"
            }
        ],
        "observedGeneration": 1,
        "readyReplicas": 1,
        "replicas": 1,
        "updatedReplicas": 1
    }
}
