NAME            READY   UP-TO-DATE   AVAILABLE   AGE
argocd-server   1/1     1            1           54m
